// Jest Snapshot v1, https://goo.gl/fbAQLP

exports[`PasswordService buildMailerOptions - should create mailer options 1`] = `
Object {
  "context": Object {
    "action_url": "https://shorturl.at/bhiY4",
    "name": "lupu60",
  },
  "subject": "Reset password email - Instigo",
  "template": "reset-password-email",
  "to": "lupu60@gmail.com",
}
`;
